make: Entering directory '/home/rometsch/repo/fargocpt/src'
make: Nothing to be done for 'build'.
make: Leaving directory '/home/rometsch/repo/fargocpt/src'
